mode: atomic
github.com/vmware/cloud-director-named-disk-csi-driver/pkg/util/defined_entity_util.go:36.72,38.9 2 0
github.com/vmware/cloud-director-named-disk-csi-driver/pkg/util/defined_entity_util.go:41.2,42.9 2 0
github.com/vmware/cloud-director-named-disk-csi-driver/pkg/util/defined_entity_util.go:46.2,47.9 2 0
github.com/vmware/cloud-director-named-disk-csi-driver/pkg/util/defined_entity_util.go:53.2,53.25 1 0
github.com/vmware/cloud-director-named-disk-csi-driver/pkg/util/defined_entity_util.go:57.2,58.9 2 0
github.com/vmware/cloud-director-named-disk-csi-driver/pkg/util/defined_entity_util.go:61.2,62.50 2 0
github.com/vmware/cloud-director-named-disk-csi-driver/pkg/util/defined_entity_util.go:69.2,69.22 1 0
github.com/vmware/cloud-director-named-disk-csi-driver/pkg/util/defined_entity_util.go:38.9,40.3 1 0
github.com/vmware/cloud-director-named-disk-csi-driver/pkg/util/defined_entity_util.go:42.9,44.3 1 0
github.com/vmware/cloud-director-named-disk-csi-driver/pkg/util/defined_entity_util.go:48.56,49.48 1 0
github.com/vmware/cloud-director-named-disk-csi-driver/pkg/util/defined_entity_util.go:50.10,51.112 1 0
github.com/vmware/cloud-director-named-disk-csi-driver/pkg/util/defined_entity_util.go:53.25,55.3 1 0
github.com/vmware/cloud-director-named-disk-csi-driver/pkg/util/defined_entity_util.go:58.9,60.3 1 0
github.com/vmware/cloud-director-named-disk-csi-driver/pkg/util/defined_entity_util.go:62.50,64.10 2 0
github.com/vmware/cloud-director-named-disk-csi-driver/pkg/util/defined_entity_util.go:67.3,67.25 1 0
github.com/vmware/cloud-director-named-disk-csi-driver/pkg/util/defined_entity_util.go:64.10,66.4 1 0
github.com/vmware/cloud-director-named-disk-csi-driver/pkg/util/defined_entity_util.go:73.111,74.55 1 0
github.com/vmware/cloud-director-named-disk-csi-driver/pkg/util/defined_entity_util.go:77.2,78.9 2 0
github.com/vmware/cloud-director-named-disk-csi-driver/pkg/util/defined_entity_util.go:81.2,82.9 2 0
github.com/vmware/cloud-director-named-disk-csi-driver/pkg/util/defined_entity_util.go:85.2,86.17 2 0
github.com/vmware/cloud-director-named-disk-csi-driver/pkg/util/defined_entity_util.go:74.55,76.3 1 0
github.com/vmware/cloud-director-named-disk-csi-driver/pkg/util/defined_entity_util.go:78.9,80.3 1 0
github.com/vmware/cloud-director-named-disk-csi-driver/pkg/util/defined_entity_util.go:82.9,84.3 1 0
github.com/vmware/cloud-director-named-disk-csi-driver/pkg/util/defined_entity_util.go:90.113,91.55 1 0
github.com/vmware/cloud-director-named-disk-csi-driver/pkg/util/defined_entity_util.go:94.2,95.9 2 0
github.com/vmware/cloud-director-named-disk-csi-driver/pkg/util/defined_entity_util.go:98.2,99.9 2 0
github.com/vmware/cloud-director-named-disk-csi-driver/pkg/util/defined_entity_util.go:102.2,103.17 2 0
github.com/vmware/cloud-director-named-disk-csi-driver/pkg/util/defined_entity_util.go:91.55,93.3 1 0
github.com/vmware/cloud-director-named-disk-csi-driver/pkg/util/defined_entity_util.go:95.9,97.3 1 0
github.com/vmware/cloud-director-named-disk-csi-driver/pkg/util/defined_entity_util.go:99.9,101.3 1 0
github.com/vmware/cloud-director-named-disk-csi-driver/pkg/util/defined_entity_util.go:107.159,108.55 1 0
github.com/vmware/cloud-director-named-disk-csi-driver/pkg/util/defined_entity_util.go:112.2,113.16 2 0
github.com/vmware/cloud-director-named-disk-csi-driver/pkg/util/defined_entity_util.go:116.2,116.30 1 0
github.com/vmware/cloud-director-named-disk-csi-driver/pkg/util/defined_entity_util.go:108.55,110.3 1 0
github.com/vmware/cloud-director-named-disk-csi-driver/pkg/util/defined_entity_util.go:113.16,115.3 1 0
github.com/vmware/cloud-director-named-disk-csi-driver/pkg/util/defined_entity_util.go:119.89,122.9 2 0
github.com/vmware/cloud-director-named-disk-csi-driver/pkg/util/defined_entity_util.go:126.2,126.25 1 0
github.com/vmware/cloud-director-named-disk-csi-driver/pkg/util/defined_entity_util.go:130.2,131.9 2 0
github.com/vmware/cloud-director-named-disk-csi-driver/pkg/util/defined_entity_util.go:135.2,136.50 2 0
github.com/vmware/cloud-director-named-disk-csi-driver/pkg/util/defined_entity_util.go:144.2,144.22 1 0
github.com/vmware/cloud-director-named-disk-csi-driver/pkg/util/defined_entity_util.go:122.9,125.3 2 0
github.com/vmware/cloud-director-named-disk-csi-driver/pkg/util/defined_entity_util.go:126.25,128.3 1 0
github.com/vmware/cloud-director-named-disk-csi-driver/pkg/util/defined_entity_util.go:131.9,134.3 1 0
github.com/vmware/cloud-director-named-disk-csi-driver/pkg/util/defined_entity_util.go:136.50,138.10 2 0
github.com/vmware/cloud-director-named-disk-csi-driver/pkg/util/defined_entity_util.go:142.3,142.25 1 0
github.com/vmware/cloud-director-named-disk-csi-driver/pkg/util/defined_entity_util.go:138.10,141.4 1 0
github.com/vmware/cloud-director-named-disk-csi-driver/pkg/util/defined_entity_util.go:147.110,149.16 2 0
github.com/vmware/cloud-director-named-disk-csi-driver/pkg/util/defined_entity_util.go:153.2,155.16 3 0
github.com/vmware/cloud-director-named-disk-csi-driver/pkg/util/defined_entity_util.go:159.2,159.17 1 0
github.com/vmware/cloud-director-named-disk-csi-driver/pkg/util/defined_entity_util.go:149.16,151.3 1 0
github.com/vmware/cloud-director-named-disk-csi-driver/pkg/util/defined_entity_util.go:155.16,157.3 1 0
github.com/vmware/cloud-director-named-disk-csi-driver/pkg/util/defined_entity_util.go:162.194,165.9 2 0
github.com/vmware/cloud-director-named-disk-csi-driver/pkg/util/defined_entity_util.go:175.2,176.9 2 0
github.com/vmware/cloud-director-named-disk-csi-driver/pkg/util/defined_entity_util.go:181.2,184.16 4 0
github.com/vmware/cloud-director-named-disk-csi-driver/pkg/util/defined_entity_util.go:189.2,189.87 1 0
github.com/vmware/cloud-director-named-disk-csi-driver/pkg/util/defined_entity_util.go:194.2,198.23 3 0
github.com/vmware/cloud-director-named-disk-csi-driver/pkg/util/defined_entity_util.go:165.9,173.3 2 0
github.com/vmware/cloud-director-named-disk-csi-driver/pkg/util/defined_entity_util.go:176.9,179.3 1 0
github.com/vmware/cloud-director-named-disk-csi-driver/pkg/util/defined_entity_util.go:184.16,187.3 1 0
github.com/vmware/cloud-director-named-disk-csi-driver/pkg/util/defined_entity_util.go:189.87,193.3 2 0
github.com/vmware/cloud-director-named-disk-csi-driver/pkg/util/defined_entity_util.go:201.94,204.16 3 0
github.com/vmware/cloud-director-named-disk-csi-driver/pkg/util/defined_entity_util.go:207.2,208.16 2 0
github.com/vmware/cloud-director-named-disk-csi-driver/pkg/util/defined_entity_util.go:211.2,211.24 1 0
github.com/vmware/cloud-director-named-disk-csi-driver/pkg/util/defined_entity_util.go:204.16,206.3 1 0
github.com/vmware/cloud-director-named-disk-csi-driver/pkg/util/defined_entity_util.go:208.16,210.3 1 0
github.com/vmware/cloud-director-named-disk-csi-driver/pkg/util/defined_entity_util.go:214.91,217.16 3 0
github.com/vmware/cloud-director-named-disk-csi-driver/pkg/util/defined_entity_util.go:220.2,221.16 2 0
github.com/vmware/cloud-director-named-disk-csi-driver/pkg/util/defined_entity_util.go:224.2,224.26 1 0
github.com/vmware/cloud-director-named-disk-csi-driver/pkg/util/defined_entity_util.go:217.16,219.3 1 0
github.com/vmware/cloud-director-named-disk-csi-driver/pkg/util/defined_entity_util.go:221.16,223.3 1 0
github.com/vmware/cloud-director-named-disk-csi-driver/pkg/util/util.go:22.55,24.16 2 0
github.com/vmware/cloud-director-named-disk-csi-driver/pkg/util/util.go:28.2,31.16 3 0
github.com/vmware/cloud-director-named-disk-csi-driver/pkg/util/util.go:42.2,42.26 1 0
github.com/vmware/cloud-director-named-disk-csi-driver/pkg/util/util.go:24.16,26.3 1 0
github.com/vmware/cloud-director-named-disk-csi-driver/pkg/util/util.go:32.13,32.13 0 0
github.com/vmware/cloud-director-named-disk-csi-driver/pkg/util/util.go:33.14,35.64 2 0
github.com/vmware/cloud-director-named-disk-csi-driver/pkg/util/util.go:38.10,39.64 1 0
github.com/vmware/cloud-director-named-disk-csi-driver/pkg/util/util.go:35.64,37.4 1 0
github.com/vmware/cloud-director-named-disk-csi-driver/pkg/util/util.go:45.69,48.31 2 0
github.com/vmware/cloud-director-named-disk-csi-driver/pkg/util/util.go:54.2,54.25 1 0
github.com/vmware/cloud-director-named-disk-csi-driver/pkg/util/util.go:57.2,57.16 1 0
github.com/vmware/cloud-director-named-disk-csi-driver/pkg/util/util.go:48.31,50.3 1 0
github.com/vmware/cloud-director-named-disk-csi-driver/pkg/util/util.go:54.25,56.3 1 0
github.com/vmware/cloud-director-named-disk-csi-driver/pkg/vcdcsiclient/disks.go:37.44,38.68 1 0
github.com/vmware/cloud-director-named-disk-csi-driver/pkg/vcdcsiclient/disks.go:42.2,42.11 1 0
github.com/vmware/cloud-director-named-disk-csi-driver/pkg/vcdcsiclient/disks.go:38.68,40.3 1 0
github.com/vmware/cloud-director-named-disk-csi-driver/pkg/vcdcsiclient/disks.go:48.109,54.38 2 0
github.com/vmware/cloud-director-named-disk-csi-driver/pkg/vcdcsiclient/disks.go:58.2,58.38 1 0
github.com/vmware/cloud-director-named-disk-csi-driver/pkg/vcdcsiclient/disks.go:62.2,66.61 3 0
github.com/vmware/cloud-director-named-disk-csi-driver/pkg/vcdcsiclient/disks.go:79.2,79.27 1 0
github.com/vmware/cloud-director-named-disk-csi-driver/pkg/vcdcsiclient/disks.go:83.2,87.16 3 0
github.com/vmware/cloud-director-named-disk-csi-driver/pkg/vcdcsiclient/disks.go:93.2,93.87 1 0
github.com/vmware/cloud-director-named-disk-csi-driver/pkg/vcdcsiclient/disks.go:96.2,102.22 4 0
github.com/vmware/cloud-director-named-disk-csi-driver/pkg/vcdcsiclient/disks.go:54.38,56.3 1 0
github.com/vmware/cloud-director-named-disk-csi-driver/pkg/vcdcsiclient/disks.go:58.38,60.3 1 0
github.com/vmware/cloud-director-named-disk-csi-driver/pkg/vcdcsiclient/disks.go:66.61,67.80 1 0
github.com/vmware/cloud-director-named-disk-csi-driver/pkg/vcdcsiclient/disks.go:67.80,76.9 3 0
github.com/vmware/cloud-director-named-disk-csi-driver/pkg/vcdcsiclient/disks.go:79.27,81.3 1 0
github.com/vmware/cloud-director-named-disk-csi-driver/pkg/vcdcsiclient/disks.go:87.16,90.3 1 0
github.com/vmware/cloud-director-named-disk-csi-driver/pkg/vcdcsiclient/disks.go:93.87,95.3 1 0
github.com/vmware/cloud-director-named-disk-csi-driver/pkg/vcdcsiclient/disks.go:107.85,115.52 5 0
github.com/vmware/cloud-director-named-disk-csi-driver/pkg/vcdcsiclient/disks.go:123.2,123.118 1 0
github.com/vmware/cloud-director-named-disk-csi-driver/pkg/vcdcsiclient/disks.go:127.2,127.17 1 0
github.com/vmware/cloud-director-named-disk-csi-driver/pkg/vcdcsiclient/disks.go:141.2,154.26 3 0
github.com/vmware/cloud-director-named-disk-csi-driver/pkg/vcdcsiclient/disks.go:166.2,167.16 2 0
github.com/vmware/cloud-director-named-disk-csi-driver/pkg/vcdcsiclient/disks.go:173.2,175.16 3 0
github.com/vmware/cloud-director-named-disk-csi-driver/pkg/vcdcsiclient/disks.go:178.2,182.16 4 0
github.com/vmware/cloud-director-named-disk-csi-driver/pkg/vcdcsiclient/disks.go:185.2,185.229 1 0
github.com/vmware/cloud-director-named-disk-csi-driver/pkg/vcdcsiclient/disks.go:188.2,191.91 3 0
github.com/vmware/cloud-director-named-disk-csi-driver/pkg/vcdcsiclient/disks.go:197.2,197.18 1 0
github.com/vmware/cloud-director-named-disk-csi-driver/pkg/vcdcsiclient/disks.go:115.52,117.36 1 0
github.com/vmware/cloud-director-named-disk-csi-driver/pkg/vcdcsiclient/disks.go:120.3,121.18 1 0
github.com/vmware/cloud-director-named-disk-csi-driver/pkg/vcdcsiclient/disks.go:117.36,119.4 1 0
github.com/vmware/cloud-director-named-disk-csi-driver/pkg/vcdcsiclient/disks.go:123.118,125.3 1 0
github.com/vmware/cloud-director-named-disk-csi-driver/pkg/vcdcsiclient/disks.go:127.17,132.32 1 0
github.com/vmware/cloud-director-named-disk-csi-driver/pkg/vcdcsiclient/disks.go:137.3,138.19 2 0
github.com/vmware/cloud-director-named-disk-csi-driver/pkg/vcdcsiclient/disks.go:132.32,135.4 1 0
github.com/vmware/cloud-director-named-disk-csi-driver/pkg/vcdcsiclient/disks.go:154.26,156.17 2 0
github.com/vmware/cloud-director-named-disk-csi-driver/pkg/vcdcsiclient/disks.go:161.3,163.4 1 0
github.com/vmware/cloud-director-named-disk-csi-driver/pkg/vcdcsiclient/disks.go:156.17,159.4 1 0
github.com/vmware/cloud-director-named-disk-csi-driver/pkg/vcdcsiclient/disks.go:167.16,171.3 1 0
github.com/vmware/cloud-director-named-disk-csi-driver/pkg/vcdcsiclient/disks.go:175.16,177.3 1 0
github.com/vmware/cloud-director-named-disk-csi-driver/pkg/vcdcsiclient/disks.go:182.16,184.3 1 0
github.com/vmware/cloud-director-named-disk-csi-driver/pkg/vcdcsiclient/disks.go:185.229,187.3 1 0
github.com/vmware/cloud-director-named-disk-csi-driver/pkg/vcdcsiclient/disks.go:191.91,192.79 1 0
github.com/vmware/cloud-director-named-disk-csi-driver/pkg/vcdcsiclient/disks.go:192.79,194.4 1 0
github.com/vmware/cloud-director-named-disk-csi-driver/pkg/vcdcsiclient/disks.go:203.93,210.71 4 0
github.com/vmware/cloud-director-named-disk-csi-driver/pkg/vcdcsiclient/disks.go:213.2,213.16 1 0
github.com/vmware/cloud-director-named-disk-csi-driver/pkg/vcdcsiclient/disks.go:216.2,216.18 1 0
github.com/vmware/cloud-director-named-disk-csi-driver/pkg/vcdcsiclient/disks.go:210.71,212.3 1 0
github.com/vmware/cloud-director-named-disk-csi-driver/pkg/vcdcsiclient/disks.go:213.16,215.3 1 0
github.com/vmware/cloud-director-named-disk-csi-driver/pkg/vcdcsiclient/disks.go:219.103,221.13 2 0
github.com/vmware/cloud-director-named-disk-csi-driver/pkg/vcdcsiclient/disks.go:227.2,227.82 1 0
github.com/vmware/cloud-director-named-disk-csi-driver/pkg/vcdcsiclient/disks.go:238.2,238.39 1 0
github.com/vmware/cloud-director-named-disk-csi-driver/pkg/vcdcsiclient/disks.go:221.13,223.17 2 0
github.com/vmware/cloud-director-named-disk-csi-driver/pkg/vcdcsiclient/disks.go:223.17,225.4 1 0
github.com/vmware/cloud-director-named-disk-csi-driver/pkg/vcdcsiclient/disks.go:227.82,228.66 1 0
github.com/vmware/cloud-director-named-disk-csi-driver/pkg/vcdcsiclient/disks.go:228.66,229.102 1 0
github.com/vmware/cloud-director-named-disk-csi-driver/pkg/vcdcsiclient/disks.go:229.102,231.19 2 0
github.com/vmware/cloud-director-named-disk-csi-driver/pkg/vcdcsiclient/disks.go:234.5,234.21 1 0
github.com/vmware/cloud-director-named-disk-csi-driver/pkg/vcdcsiclient/disks.go:231.19,233.6 1 0
github.com/vmware/cloud-director-named-disk-csi-driver/pkg/vcdcsiclient/disks.go:244.110,247.13 3 0
github.com/vmware/cloud-director-named-disk-csi-driver/pkg/vcdcsiclient/disks.go:253.2,253.82 1 0
github.com/vmware/cloud-director-named-disk-csi-driver/pkg/vcdcsiclient/disks.go:264.2,264.24 1 0
github.com/vmware/cloud-director-named-disk-csi-driver/pkg/vcdcsiclient/disks.go:267.2,267.23 1 0
github.com/vmware/cloud-director-named-disk-csi-driver/pkg/vcdcsiclient/disks.go:247.13,249.17 2 0
github.com/vmware/cloud-director-named-disk-csi-driver/pkg/vcdcsiclient/disks.go:249.17,251.4 1 0
github.com/vmware/cloud-director-named-disk-csi-driver/pkg/vcdcsiclient/disks.go:253.82,254.66 1 0
github.com/vmware/cloud-director-named-disk-csi-driver/pkg/vcdcsiclient/disks.go:254.66,255.106 1 0
github.com/vmware/cloud-director-named-disk-csi-driver/pkg/vcdcsiclient/disks.go:255.106,257.19 2 0
github.com/vmware/cloud-director-named-disk-csi-driver/pkg/vcdcsiclient/disks.go:260.5,260.39 1 0
github.com/vmware/cloud-director-named-disk-csi-driver/pkg/vcdcsiclient/disks.go:257.19,259.6 1 0
github.com/vmware/cloud-director-named-disk-csi-driver/pkg/vcdcsiclient/disks.go:264.24,266.3 1 0
github.com/vmware/cloud-director-named-disk-csi-driver/pkg/vcdcsiclient/disks.go:271.84,274.16 2 0
github.com/vmware/cloud-director-named-disk-csi-driver/pkg/vcdcsiclient/disks.go:278.2,279.52 2 0
github.com/vmware/cloud-director-named-disk-csi-driver/pkg/vcdcsiclient/disks.go:282.2,282.74 1 0
github.com/vmware/cloud-director-named-disk-csi-driver/pkg/vcdcsiclient/disks.go:286.2,286.21 1 0
github.com/vmware/cloud-director-named-disk-csi-driver/pkg/vcdcsiclient/disks.go:290.2,290.26 1 0
github.com/vmware/cloud-director-named-disk-csi-driver/pkg/vcdcsiclient/disks.go:274.16,276.3 1 0
github.com/vmware/cloud-director-named-disk-csi-driver/pkg/vcdcsiclient/disks.go:279.52,281.3 1 0
github.com/vmware/cloud-director-named-disk-csi-driver/pkg/vcdcsiclient/disks.go:282.74,285.3 1 0
github.com/vmware/cloud-director-named-disk-csi-driver/pkg/vcdcsiclient/disks.go:286.21,288.3 1 0
github.com/vmware/cloud-director-named-disk-csi-driver/pkg/vcdcsiclient/disks.go:293.98,299.37 3 0
github.com/vmware/cloud-director-named-disk-csi-driver/pkg/vcdcsiclient/disks.go:313.2,313.27 1 0
github.com/vmware/cloud-director-named-disk-csi-driver/pkg/vcdcsiclient/disks.go:318.2,323.16 3 0
github.com/vmware/cloud-director-named-disk-csi-driver/pkg/vcdcsiclient/disks.go:328.2,328.37 1 0
github.com/vmware/cloud-director-named-disk-csi-driver/pkg/vcdcsiclient/disks.go:299.37,300.37 1 0
github.com/vmware/cloud-director-named-disk-csi-driver/pkg/vcdcsiclient/disks.go:300.37,309.9 3 0
github.com/vmware/cloud-director-named-disk-csi-driver/pkg/vcdcsiclient/disks.go:313.27,315.3 1 0
github.com/vmware/cloud-director-named-disk-csi-driver/pkg/vcdcsiclient/disks.go:323.16,325.3 1 0
github.com/vmware/cloud-director-named-disk-csi-driver/pkg/vcdcsiclient/disks.go:339.86,346.16 4 0
github.com/vmware/cloud-director-named-disk-csi-driver/pkg/vcdcsiclient/disks.go:349.2,349.38 1 0
github.com/vmware/cloud-director-named-disk-csi-driver/pkg/vcdcsiclient/disks.go:353.2,356.37 2 0
github.com/vmware/cloud-director-named-disk-csi-driver/pkg/vcdcsiclient/disks.go:369.2,369.27 1 0
github.com/vmware/cloud-director-named-disk-csi-driver/pkg/vcdcsiclient/disks.go:374.2,376.53 1 0
github.com/vmware/cloud-director-named-disk-csi-driver/pkg/vcdcsiclient/disks.go:346.16,348.3 1 0
github.com/vmware/cloud-director-named-disk-csi-driver/pkg/vcdcsiclient/disks.go:349.38,351.3 1 0
github.com/vmware/cloud-director-named-disk-csi-driver/pkg/vcdcsiclient/disks.go:356.37,357.38 1 0
github.com/vmware/cloud-director-named-disk-csi-driver/pkg/vcdcsiclient/disks.go:357.38,365.9 3 0
github.com/vmware/cloud-director-named-disk-csi-driver/pkg/vcdcsiclient/disks.go:369.27,371.3 1 0
github.com/vmware/cloud-director-named-disk-csi-driver/pkg/vcdcsiclient/disks.go:380.63,387.16 5 0
github.com/vmware/cloud-director-named-disk-csi-driver/pkg/vcdcsiclient/disks.go:397.2,398.16 2 0
github.com/vmware/cloud-director-named-disk-csi-driver/pkg/vcdcsiclient/disks.go:401.2,401.48 1 0
github.com/vmware/cloud-director-named-disk-csi-driver/pkg/vcdcsiclient/disks.go:405.2,406.16 2 0
github.com/vmware/cloud-director-named-disk-csi-driver/pkg/vcdcsiclient/disks.go:410.2,411.16 2 0
github.com/vmware/cloud-director-named-disk-csi-driver/pkg/vcdcsiclient/disks.go:415.2,415.203 1 0
github.com/vmware/cloud-director-named-disk-csi-driver/pkg/vcdcsiclient/disks.go:418.2,420.91 2 0
github.com/vmware/cloud-director-named-disk-csi-driver/pkg/vcdcsiclient/disks.go:426.2,426.12 1 0
github.com/vmware/cloud-director-named-disk-csi-driver/pkg/vcdcsiclient/disks.go:387.16,388.39 1 0
github.com/vmware/cloud-director-named-disk-csi-driver/pkg/vcdcsiclient/disks.go:394.3,394.75 1 0
github.com/vmware/cloud-director-named-disk-csi-driver/pkg/vcdcsiclient/disks.go:388.39,392.4 2 0
github.com/vmware/cloud-director-named-disk-csi-driver/pkg/vcdcsiclient/disks.go:398.16,400.3 1 0
github.com/vmware/cloud-director-named-disk-csi-driver/pkg/vcdcsiclient/disks.go:401.48,403.3 1 0
github.com/vmware/cloud-director-named-disk-csi-driver/pkg/vcdcsiclient/disks.go:406.16,408.3 1 0
github.com/vmware/cloud-director-named-disk-csi-driver/pkg/vcdcsiclient/disks.go:411.16,413.3 1 0
github.com/vmware/cloud-director-named-disk-csi-driver/pkg/vcdcsiclient/disks.go:415.203,417.3 1 0
github.com/vmware/cloud-director-named-disk-csi-driver/pkg/vcdcsiclient/disks.go:420.91,421.84 1 0
github.com/vmware/cloud-director-named-disk-csi-driver/pkg/vcdcsiclient/disks.go:421.84,423.4 1 0
github.com/vmware/cloud-director-named-disk-csi-driver/pkg/vcdcsiclient/disks.go:430.73,433.36 2 0
github.com/vmware/cloud-director-named-disk-csi-driver/pkg/vcdcsiclient/disks.go:437.2,442.16 3 0
github.com/vmware/cloud-director-named-disk-csi-driver/pkg/vcdcsiclient/disks.go:447.2,450.12 2 0
github.com/vmware/cloud-director-named-disk-csi-driver/pkg/vcdcsiclient/disks.go:433.36,435.3 1 0
github.com/vmware/cloud-director-named-disk-csi-driver/pkg/vcdcsiclient/disks.go:442.16,444.3 1 0
github.com/vmware/cloud-director-named-disk-csi-driver/pkg/vcdcsiclient/disks.go:454.87,458.17 3 0
github.com/vmware/cloud-director-named-disk-csi-driver/pkg/vcdcsiclient/disks.go:462.2,465.16 3 0
github.com/vmware/cloud-director-named-disk-csi-driver/pkg/vcdcsiclient/disks.go:469.2,469.48 1 0
github.com/vmware/cloud-director-named-disk-csi-driver/pkg/vcdcsiclient/disks.go:486.2,492.16 4 0
github.com/vmware/cloud-director-named-disk-csi-driver/pkg/vcdcsiclient/disks.go:495.2,498.16 3 0
github.com/vmware/cloud-director-named-disk-csi-driver/pkg/vcdcsiclient/disks.go:503.2,503.54 1 0
github.com/vmware/cloud-director-named-disk-csi-driver/pkg/vcdcsiclient/disks.go:506.2,506.233 1 0
github.com/vmware/cloud-director-named-disk-csi-driver/pkg/vcdcsiclient/disks.go:510.2,510.12 1 0
github.com/vmware/cloud-director-named-disk-csi-driver/pkg/vcdcsiclient/disks.go:458.17,460.3 1 0
github.com/vmware/cloud-director-named-disk-csi-driver/pkg/vcdcsiclient/disks.go:465.16,467.3 1 0
github.com/vmware/cloud-director-named-disk-csi-driver/pkg/vcdcsiclient/disks.go:469.48,471.42 1 0
github.com/vmware/cloud-director-named-disk-csi-driver/pkg/vcdcsiclient/disks.go:480.3,480.22 1 0
github.com/vmware/cloud-director-named-disk-csi-driver/pkg/vcdcsiclient/disks.go:471.42,472.37 1 0
github.com/vmware/cloud-director-named-disk-csi-driver/pkg/vcdcsiclient/disks.go:472.37,476.5 2 0
github.com/vmware/cloud-director-named-disk-csi-driver/pkg/vcdcsiclient/disks.go:480.22,483.4 1 0
github.com/vmware/cloud-director-named-disk-csi-driver/pkg/vcdcsiclient/disks.go:492.16,494.3 1 0
github.com/vmware/cloud-director-named-disk-csi-driver/pkg/vcdcsiclient/disks.go:498.16,501.3 1 0
github.com/vmware/cloud-director-named-disk-csi-driver/pkg/vcdcsiclient/disks.go:503.54,505.3 1 0
github.com/vmware/cloud-director-named-disk-csi-driver/pkg/vcdcsiclient/disks.go:506.233,508.3 1 0
github.com/vmware/cloud-director-named-disk-csi-driver/pkg/vcdcsiclient/disks.go:514.83,521.38 5 0
github.com/vmware/cloud-director-named-disk-csi-driver/pkg/vcdcsiclient/disks.go:528.2,529.16 2 0
github.com/vmware/cloud-director-named-disk-csi-driver/pkg/vcdcsiclient/disks.go:533.2,533.49 1 0
github.com/vmware/cloud-director-named-disk-csi-driver/pkg/vcdcsiclient/disks.go:538.2,539.41 2 0
github.com/vmware/cloud-director-named-disk-csi-driver/pkg/vcdcsiclient/disks.go:545.2,545.17 1 0
github.com/vmware/cloud-director-named-disk-csi-driver/pkg/vcdcsiclient/disks.go:550.2,554.16 3 0
github.com/vmware/cloud-director-named-disk-csi-driver/pkg/vcdcsiclient/disks.go:557.2,558.16 2 0
github.com/vmware/cloud-director-named-disk-csi-driver/pkg/vcdcsiclient/disks.go:562.2,562.235 1 0
github.com/vmware/cloud-director-named-disk-csi-driver/pkg/vcdcsiclient/disks.go:565.2,567.12 2 0
github.com/vmware/cloud-director-named-disk-csi-driver/pkg/vcdcsiclient/disks.go:521.38,524.3 2 0
github.com/vmware/cloud-director-named-disk-csi-driver/pkg/vcdcsiclient/disks.go:524.8,524.23 1 0
github.com/vmware/cloud-director-named-disk-csi-driver/pkg/vcdcsiclient/disks.go:524.23,526.3 1 0
github.com/vmware/cloud-director-named-disk-csi-driver/pkg/vcdcsiclient/disks.go:529.16,531.3 1 0
github.com/vmware/cloud-director-named-disk-csi-driver/pkg/vcdcsiclient/disks.go:533.49,536.3 2 0
github.com/vmware/cloud-director-named-disk-csi-driver/pkg/vcdcsiclient/disks.go:539.41,540.36 1 0
github.com/vmware/cloud-director-named-disk-csi-driver/pkg/vcdcsiclient/disks.go:540.36,542.9 2 0
github.com/vmware/cloud-director-named-disk-csi-driver/pkg/vcdcsiclient/disks.go:545.17,548.3 2 0
github.com/vmware/cloud-director-named-disk-csi-driver/pkg/vcdcsiclient/disks.go:554.16,556.3 1 0
github.com/vmware/cloud-director-named-disk-csi-driver/pkg/vcdcsiclient/disks.go:558.16,561.3 1 0
github.com/vmware/cloud-director-named-disk-csi-driver/pkg/vcdcsiclient/disks.go:562.235,564.3 1 0
github.com/vmware/cloud-director-named-disk-csi-driver/pkg/vcdcsiclient/disks.go:570.109,572.16 2 0
github.com/vmware/cloud-director-named-disk-csi-driver/pkg/vcdcsiclient/disks.go:575.2,575.20 1 0
github.com/vmware/cloud-director-named-disk-csi-driver/pkg/vcdcsiclient/disks.go:572.16,574.3 1 0
github.com/vmware/cloud-director-named-disk-csi-driver/pkg/vcdcsiclient/disks.go:580.63,582.16 2 0
github.com/vmware/cloud-director-named-disk-csi-driver/pkg/vcdcsiclient/disks.go:586.2,587.16 2 0
github.com/vmware/cloud-director-named-disk-csi-driver/pkg/vcdcsiclient/disks.go:591.2,591.48 1 0
github.com/vmware/cloud-director-named-disk-csi-driver/pkg/vcdcsiclient/disks.go:595.2,597.16 2 0
github.com/vmware/cloud-director-named-disk-csi-driver/pkg/vcdcsiclient/disks.go:600.2,602.26 2 0
github.com/vmware/cloud-director-named-disk-csi-driver/pkg/vcdcsiclient/disks.go:582.16,585.3 1 0
github.com/vmware/cloud-director-named-disk-csi-driver/pkg/vcdcsiclient/disks.go:587.16,589.3 1 0
github.com/vmware/cloud-director-named-disk-csi-driver/pkg/vcdcsiclient/disks.go:591.48,593.3 1 0
github.com/vmware/cloud-director-named-disk-csi-driver/pkg/vcdcsiclient/disks.go:597.16,599.3 1 0
github.com/vmware/cloud-director-named-disk-csi-driver/pkg/vcdcsiclient/disks.go:606.63,608.16 2 0
github.com/vmware/cloud-director-named-disk-csi-driver/pkg/vcdcsiclient/disks.go:613.2,614.16 2 0
github.com/vmware/cloud-director-named-disk-csi-driver/pkg/vcdcsiclient/disks.go:618.2,618.48 1 0
github.com/vmware/cloud-director-named-disk-csi-driver/pkg/vcdcsiclient/disks.go:622.2,624.16 2 0
github.com/vmware/cloud-director-named-disk-csi-driver/pkg/vcdcsiclient/disks.go:627.2,629.26 2 0
github.com/vmware/cloud-director-named-disk-csi-driver/pkg/vcdcsiclient/disks.go:608.16,611.3 1 0
github.com/vmware/cloud-director-named-disk-csi-driver/pkg/vcdcsiclient/disks.go:614.16,616.3 1 0
github.com/vmware/cloud-director-named-disk-csi-driver/pkg/vcdcsiclient/disks.go:618.48,620.3 1 0
github.com/vmware/cloud-director-named-disk-csi-driver/pkg/vcdcsiclient/disks.go:624.16,626.3 1 0
github.com/vmware/cloud-director-named-disk-csi-driver/pkg/vcdcsiclient/disks.go:633.115,634.50 1 0
github.com/vmware/cloud-director-named-disk-csi-driver/pkg/vcdcsiclient/disks.go:682.2,682.108 1 0
github.com/vmware/cloud-director-named-disk-csi-driver/pkg/vcdcsiclient/disks.go:634.50,636.17 2 0
github.com/vmware/cloud-director-named-disk-csi-driver/pkg/vcdcsiclient/disks.go:640.3,640.49 1 0
github.com/vmware/cloud-director-named-disk-csi-driver/pkg/vcdcsiclient/disks.go:643.3,645.17 2 0
github.com/vmware/cloud-director-named-disk-csi-driver/pkg/vcdcsiclient/disks.go:648.3,648.58 1 0
github.com/vmware/cloud-director-named-disk-csi-driver/pkg/vcdcsiclient/disks.go:680.3,680.78 1 0
github.com/vmware/cloud-director-named-disk-csi-driver/pkg/vcdcsiclient/disks.go:636.17,638.4 1 0
github.com/vmware/cloud-director-named-disk-csi-driver/pkg/vcdcsiclient/disks.go:640.49,642.4 1 0
github.com/vmware/cloud-director-named-disk-csi-driver/pkg/vcdcsiclient/disks.go:645.17,647.4 1 0
github.com/vmware/cloud-director-named-disk-csi-driver/pkg/vcdcsiclient/disks.go:648.58,650.18 2 0
github.com/vmware/cloud-director-named-disk-csi-driver/pkg/vcdcsiclient/disks.go:653.4,654.31 2 0
github.com/vmware/cloud-director-named-disk-csi-driver/pkg/vcdcsiclient/disks.go:660.4,660.18 1 0
github.com/vmware/cloud-director-named-disk-csi-driver/pkg/vcdcsiclient/disks.go:663.4,665.18 3 0
github.com/vmware/cloud-director-named-disk-csi-driver/pkg/vcdcsiclient/disks.go:672.4,672.14 1 0
github.com/vmware/cloud-director-named-disk-csi-driver/pkg/vcdcsiclient/disks.go:650.18,652.5 1 0
github.com/vmware/cloud-director-named-disk-csi-driver/pkg/vcdcsiclient/disks.go:654.31,655.24 1 0
github.com/vmware/cloud-director-named-disk-csi-driver/pkg/vcdcsiclient/disks.go:655.24,657.11 2 0
github.com/vmware/cloud-director-named-disk-csi-driver/pkg/vcdcsiclient/disks.go:660.18,662.5 1 0
github.com/vmware/cloud-director-named-disk-csi-driver/pkg/vcdcsiclient/disks.go:665.18,666.65 1 0
github.com/vmware/cloud-director-named-disk-csi-driver/pkg/vcdcsiclient/disks.go:669.5,670.44 1 0
github.com/vmware/cloud-director-named-disk-csi-driver/pkg/vcdcsiclient/disks.go:666.65,667.14 1 0
github.com/vmware/cloud-director-named-disk-csi-driver/pkg/vcdcsiclient/disks.go:673.9,673.58 1 0
github.com/vmware/cloud-director-named-disk-csi-driver/pkg/vcdcsiclient/disks.go:673.58,675.23 2 0
github.com/vmware/cloud-director-named-disk-csi-driver/pkg/vcdcsiclient/disks.go:678.4,678.14 1 0
github.com/vmware/cloud-director-named-disk-csi-driver/pkg/vcdcsiclient/disks.go:675.23,677.5 1 0
github.com/vmware/cloud-director-named-disk-csi-driver/pkg/vcdcsiclient/disks.go:685.126,686.50 1 0
github.com/vmware/cloud-director-named-disk-csi-driver/pkg/vcdcsiclient/disks.go:733.2,733.108 1 0
github.com/vmware/cloud-director-named-disk-csi-driver/pkg/vcdcsiclient/disks.go:686.50,688.17 2 0
github.com/vmware/cloud-director-named-disk-csi-driver/pkg/vcdcsiclient/disks.go:692.3,692.49 1 0
github.com/vmware/cloud-director-named-disk-csi-driver/pkg/vcdcsiclient/disks.go:695.3,697.17 2 0
github.com/vmware/cloud-director-named-disk-csi-driver/pkg/vcdcsiclient/disks.go:700.3,700.58 1 0
github.com/vmware/cloud-director-named-disk-csi-driver/pkg/vcdcsiclient/disks.go:688.17,690.4 1 0
github.com/vmware/cloud-director-named-disk-csi-driver/pkg/vcdcsiclient/disks.go:692.49,694.4 1 0
github.com/vmware/cloud-director-named-disk-csi-driver/pkg/vcdcsiclient/disks.go:697.17,699.4 1 0
github.com/vmware/cloud-director-named-disk-csi-driver/pkg/vcdcsiclient/disks.go:700.58,702.18 2 0
github.com/vmware/cloud-director-named-disk-csi-driver/pkg/vcdcsiclient/disks.go:705.4,706.33 2 0
github.com/vmware/cloud-director-named-disk-csi-driver/pkg/vcdcsiclient/disks.go:712.4,712.22 1 0
github.com/vmware/cloud-director-named-disk-csi-driver/pkg/vcdcsiclient/disks.go:715.4,717.18 3 0
github.com/vmware/cloud-director-named-disk-csi-driver/pkg/vcdcsiclient/disks.go:720.4,720.64 1 0
github.com/vmware/cloud-director-named-disk-csi-driver/pkg/vcdcsiclient/disks.go:702.18,704.5 1 0
github.com/vmware/cloud-director-named-disk-csi-driver/pkg/vcdcsiclient/disks.go:706.33,707.25 1 0
github.com/vmware/cloud-director-named-disk-csi-driver/pkg/vcdcsiclient/disks.go:707.25,709.11 2 0
github.com/vmware/cloud-director-named-disk-csi-driver/pkg/vcdcsiclient/disks.go:712.22,714.5 1 0
github.com/vmware/cloud-director-named-disk-csi-driver/pkg/vcdcsiclient/disks.go:717.18,719.5 1 0
github.com/vmware/cloud-director-named-disk-csi-driver/pkg/vcdcsiclient/disks.go:720.64,723.5 1 0
github.com/vmware/cloud-director-named-disk-csi-driver/pkg/vcdcsiclient/disks.go:724.9,724.58 1 0
github.com/vmware/cloud-director-named-disk-csi-driver/pkg/vcdcsiclient/disks.go:724.58,726.23 2 0
github.com/vmware/cloud-director-named-disk-csi-driver/pkg/vcdcsiclient/disks.go:729.4,729.14 1 0
github.com/vmware/cloud-director-named-disk-csi-driver/pkg/vcdcsiclient/disks.go:726.23,728.5 1 0
github.com/vmware/cloud-director-named-disk-csi-driver/pkg/vcdcsiclient/disks.go:737.69,738.68 1 0
github.com/vmware/cloud-director-named-disk-csi-driver/pkg/vcdcsiclient/disks.go:862.2,862.157 1 0
github.com/vmware/cloud-director-named-disk-csi-driver/pkg/vcdcsiclient/disks.go:738.68,740.17 2 0
github.com/vmware/cloud-director-named-disk-csi-driver/pkg/vcdcsiclient/disks.go:744.3,744.49 1 0
github.com/vmware/cloud-director-named-disk-csi-driver/pkg/vcdcsiclient/disks.go:747.3,749.17 2 0
github.com/vmware/cloud-director-named-disk-csi-driver/pkg/vcdcsiclient/disks.go:752.3,754.10 3 0
github.com/vmware/cloud-director-named-disk-csi-driver/pkg/vcdcsiclient/disks.go:758.3,759.10 2 0
github.com/vmware/cloud-director-named-disk-csi-driver/pkg/vcdcsiclient/disks.go:775.3,776.17 2 0
github.com/vmware/cloud-director-named-disk-csi-driver/pkg/vcdcsiclient/disks.go:791.3,793.22 3 0
github.com/vmware/cloud-director-named-disk-csi-driver/pkg/vcdcsiclient/disks.go:837.3,842.53 4 0
github.com/vmware/cloud-director-named-disk-csi-driver/pkg/vcdcsiclient/disks.go:847.3,847.70 1 0
github.com/vmware/cloud-director-named-disk-csi-driver/pkg/vcdcsiclient/disks.go:859.3,860.13 2 0
github.com/vmware/cloud-director-named-disk-csi-driver/pkg/vcdcsiclient/disks.go:740.17,742.4 1 0
github.com/vmware/cloud-director-named-disk-csi-driver/pkg/vcdcsiclient/disks.go:744.49,746.4 1 0
github.com/vmware/cloud-director-named-disk-csi-driver/pkg/vcdcsiclient/disks.go:749.17,751.4 1 0
github.com/vmware/cloud-director-named-disk-csi-driver/pkg/vcdcsiclient/disks.go:754.10,757.4 2 0
github.com/vmware/cloud-director-named-disk-csi-driver/pkg/vcdcsiclient/disks.go:759.10,767.149 2 0
github.com/vmware/cloud-director-named-disk-csi-driver/pkg/vcdcsiclient/disks.go:770.4,772.14 2 0
github.com/vmware/cloud-director-named-disk-csi-driver/pkg/vcdcsiclient/disks.go:767.149,769.5 1 0
github.com/vmware/cloud-director-named-disk-csi-driver/pkg/vcdcsiclient/disks.go:776.17,784.149 2 0
github.com/vmware/cloud-director-named-disk-csi-driver/pkg/vcdcsiclient/disks.go:787.4,789.14 2 0
github.com/vmware/cloud-director-named-disk-csi-driver/pkg/vcdcsiclient/disks.go:784.149,786.5 1 0
github.com/vmware/cloud-director-named-disk-csi-driver/pkg/vcdcsiclient/disks.go:793.22,796.37 2 0
github.com/vmware/cloud-director-named-disk-csi-driver/pkg/vcdcsiclient/disks.go:820.4,821.18 2 0
github.com/vmware/cloud-director-named-disk-csi-driver/pkg/vcdcsiclient/disks.go:796.37,799.19 3 0
github.com/vmware/cloud-director-named-disk-csi-driver/pkg/vcdcsiclient/disks.go:812.5,817.6 1 0
github.com/vmware/cloud-director-named-disk-csi-driver/pkg/vcdcsiclient/disks.go:799.19,809.6 2 0
github.com/vmware/cloud-director-named-disk-csi-driver/pkg/vcdcsiclient/disks.go:809.11,811.6 1 0
github.com/vmware/cloud-director-named-disk-csi-driver/pkg/vcdcsiclient/disks.go:821.18,829.150 2 0
github.com/vmware/cloud-director-named-disk-csi-driver/pkg/vcdcsiclient/disks.go:832.5,833.15 2 0
github.com/vmware/cloud-director-named-disk-csi-driver/pkg/vcdcsiclient/disks.go:829.150,831.6 1 0
github.com/vmware/cloud-director-named-disk-csi-driver/pkg/vcdcsiclient/disks.go:842.53,843.140 1 0
github.com/vmware/cloud-director-named-disk-csi-driver/pkg/vcdcsiclient/disks.go:843.140,845.5 1 0
github.com/vmware/cloud-director-named-disk-csi-driver/pkg/vcdcsiclient/disks.go:847.70,849.64 2 0
github.com/vmware/cloud-director-named-disk-csi-driver/pkg/vcdcsiclient/disks.go:852.4,855.12 2 0
github.com/vmware/cloud-director-named-disk-csi-driver/pkg/vcdcsiclient/disks.go:849.64,851.5 1 0
github.com/vmware/cloud-director-named-disk-csi-driver/pkg/vcdcsiclient/disks.go:856.9,856.24 1 0
github.com/vmware/cloud-director-named-disk-csi-driver/pkg/vcdcsiclient/disks.go:856.24,858.4 1 0
github.com/vmware/cloud-director-named-disk-csi-driver/pkg/vcdcsiclient/disks.go:871.122,873.16 2 0
github.com/vmware/cloud-director-named-disk-csi-driver/pkg/vcdcsiclient/disks.go:877.2,877.48 1 0
github.com/vmware/cloud-director-named-disk-csi-driver/pkg/vcdcsiclient/disks.go:880.2,881.68 2 0
github.com/vmware/cloud-director-named-disk-csi-driver/pkg/vcdcsiclient/disks.go:971.2,972.77 1 0
github.com/vmware/cloud-director-named-disk-csi-driver/pkg/vcdcsiclient/disks.go:873.16,875.3 1 0
github.com/vmware/cloud-director-named-disk-csi-driver/pkg/vcdcsiclient/disks.go:877.48,879.3 1 0
github.com/vmware/cloud-director-named-disk-csi-driver/pkg/vcdcsiclient/disks.go:881.68,884.17 2 0
github.com/vmware/cloud-director-named-disk-csi-driver/pkg/vcdcsiclient/disks.go:902.3,905.21 3 0
github.com/vmware/cloud-director-named-disk-csi-driver/pkg/vcdcsiclient/disks.go:909.3,910.22 2 0
github.com/vmware/cloud-director-named-disk-csi-driver/pkg/vcdcsiclient/disks.go:914.3,915.28 2 0
github.com/vmware/cloud-director-named-disk-csi-driver/pkg/vcdcsiclient/disks.go:920.3,921.25 2 0
github.com/vmware/cloud-director-named-disk-csi-driver/pkg/vcdcsiclient/disks.go:925.3,927.17 3 0
github.com/vmware/cloud-director-named-disk-csi-driver/pkg/vcdcsiclient/disks.go:930.3,937.17 4 0
github.com/vmware/cloud-director-named-disk-csi-driver/pkg/vcdcsiclient/disks.go:940.3,945.17 4 0
github.com/vmware/cloud-director-named-disk-csi-driver/pkg/vcdcsiclient/disks.go:968.3,969.26 2 0
github.com/vmware/cloud-director-named-disk-csi-driver/pkg/vcdcsiclient/disks.go:884.17,886.64 2 0
github.com/vmware/cloud-director-named-disk-csi-driver/pkg/vcdcsiclient/disks.go:891.4,891.179 1 0
github.com/vmware/cloud-director-named-disk-csi-driver/pkg/vcdcsiclient/disks.go:886.64,890.5 2 0
github.com/vmware/cloud-director-named-disk-csi-driver/pkg/vcdcsiclient/disks.go:892.9,892.25 1 0
github.com/vmware/cloud-director-named-disk-csi-driver/pkg/vcdcsiclient/disks.go:892.25,895.4 1 0
github.com/vmware/cloud-director-named-disk-csi-driver/pkg/vcdcsiclient/disks.go:895.9,896.40 1 0
github.com/vmware/cloud-director-named-disk-csi-driver/pkg/vcdcsiclient/disks.go:896.40,899.5 1 0
github.com/vmware/cloud-director-named-disk-csi-driver/pkg/vcdcsiclient/disks.go:905.21,907.4 1 0
github.com/vmware/cloud-director-named-disk-csi-driver/pkg/vcdcsiclient/disks.go:910.22,912.4 1 0
github.com/vmware/cloud-director-named-disk-csi-driver/pkg/vcdcsiclient/disks.go:915.28,918.4 2 0
github.com/vmware/cloud-director-named-disk-csi-driver/pkg/vcdcsiclient/disks.go:921.25,924.4 2 0
github.com/vmware/cloud-director-named-disk-csi-driver/pkg/vcdcsiclient/disks.go:927.17,929.4 1 0
github.com/vmware/cloud-director-named-disk-csi-driver/pkg/vcdcsiclient/disks.go:937.17,939.4 1 0
github.com/vmware/cloud-director-named-disk-csi-driver/pkg/vcdcsiclient/disks.go:945.17,947.64 2 0
github.com/vmware/cloud-director-named-disk-csi-driver/pkg/vcdcsiclient/disks.go:952.4,953.56 1 0
github.com/vmware/cloud-director-named-disk-csi-driver/pkg/vcdcsiclient/disks.go:947.64,951.5 2 0
github.com/vmware/cloud-director-named-disk-csi-driver/pkg/vcdcsiclient/disks.go:954.9,954.25 1 0
github.com/vmware/cloud-director-named-disk-csi-driver/pkg/vcdcsiclient/disks.go:954.25,957.4 1 0
github.com/vmware/cloud-director-named-disk-csi-driver/pkg/vcdcsiclient/disks.go:957.9,958.56 1 0
github.com/vmware/cloud-director-named-disk-csi-driver/pkg/vcdcsiclient/disks.go:958.56,961.13 2 0
github.com/vmware/cloud-director-named-disk-csi-driver/pkg/vcdcsiclient/disks.go:962.10,962.47 1 0
github.com/vmware/cloud-director-named-disk-csi-driver/pkg/vcdcsiclient/disks.go:962.47,965.13 2 0
github.com/vmware/cloud-director-named-disk-csi-driver/pkg/vcdcsiclient/disks.go:975.151,985.2 3 0
github.com/vmware/cloud-director-named-disk-csi-driver/pkg/vcdcsiclient/disks.go:987.122,990.2 2 0
github.com/vmware/cloud-director-named-disk-csi-driver/pkg/vcdcsiclient/disks.go:992.151,1002.2 3 0
